{"n_messages": 10000, "iterations": 4, "build_mode": "opt", "log_level": "trace", "tracing_layers": [], "total_time_seconds": 11.0097302547656, "__comment__": "@generated by `buck run //monarch/examples/ping_pong:run_script`"}