{"n_messages": 10000, "iterations": 4, "build_mode": "opt", "log_level": "trace", "tracing_layers": ["recording"], "total_time_seconds": 13.967126540490426, "__comment__": "@generated by `buck run //monarch/examples/ping_pong:run_script`"}