{"n_messages": 10000, "iterations": 4, "build_mode": "opt", "log_level": "trace", "tracing_layers": ["recording", "otel", "glog"], "total_time_seconds": 60.528960949974135, "__comment__": "@generated by `buck run //monarch/examples/ping_pong:run_script`"}