{"n_messages": 10000, "iterations": 4, "build_mode": "opt", "log_level": "debug", "tracing_layers": ["recording", "otel", "glog"], "total_time_seconds": 15.837319654296152, "__comment__": "@generated by `buck run //monarch/examples/ping_pong:run_script`"}