{"n_messages": 10000, "iterations": 4, "build_mode": "opt", "log_level": "debug", "tracing_layers": [], "total_time_seconds": 11.125795708270743, "__comment__": "@generated by `buck run //monarch/examples/ping_pong:run_script`"}