{"n_messages": 10000, "iterations": 4, "build_mode": "opt", "log_level": "trace", "tracing_layers": ["otel"], "total_time_seconds": 14.752450700267218, "__comment__": "@generated by `buck run //monarch/examples/ping_pong:run_script`"}