{"n_messages": 10000, "iterations": 4, "build_mode": "opt", "log_level": "error", "tracing_layers": ["recording", "otel", "glog"], "total_time_seconds": 15.673977685975842, "__comment__": "@generated by `buck run //monarch/examples/ping_pong:run_script`"}