{"n_messages": 10000, "iterations": 4, "build_mode": "opt", "log_level": "error", "tracing_layers": ["recording"], "total_time_seconds": 11.022063711192459, "__comment__": "@generated by `buck run //monarch/examples/ping_pong:run_script`"}