{"n_messages": 10000, "iterations": 4, "build_mode": "opt", "log_level": "trace", "tracing_layers": ["recording", "glog"], "total_time_seconds": 69.61092325800564, "__comment__": "@generated by `buck run //monarch/examples/ping_pong:run_script`"}