{"n_messages": 10000, "iterations": 4, "build_mode": "opt", "log_level": "info", "tracing_layers": ["glog"], "total_time_seconds": 10.475186739466153, "__comment__": "@generated by `buck run //monarch/examples/ping_pong:run_script`"}