{"n_messages": 10000, "iterations": 4, "build_mode": "opt", "log_level": "info", "tracing_layers": ["recording"], "total_time_seconds": 12.078331067925319, "__comment__": "@generated by `buck run //monarch/examples/ping_pong:run_script`"}