{"n_messages": 10000, "iterations": 5, "build_mode": "dev-nosan", "log_level": "trace", "tracing_layers": ["glog"], "messages_per_second": 1705.4752932458505, "__comment__": "@generated by `buck run //monarch/examples/ping_pong:run_script`"}