{"n_messages": 10000, "iterations": 5, "build_mode": "dev-nosan", "log_level": "error", "tracing_layers": ["glog", "otel", "recording"], "messages_per_second": 2454.9492526088698, "__comment__": "@generated by `buck run //monarch/examples/ping_pong:run_script`"}