{"n_messages": 10000, "iterations": 5, "build_mode": "dev-nosan", "log_level": "trace", "tracing_layers": ["recording"], "messages_per_second": 3362.0022343389037, "__comment__": "@generated by `buck run //monarch/examples/ping_pong:run_script`"}