{"n_messages": 10000, "iterations": 5, "build_mode": "dev-nosan", "log_level": "debug", "tracing_layers": ["recording"], "messages_per_second": 3317.5205446512323, "__comment__": "@generated by `buck run //monarch/examples/ping_pong:run_script`"}