{"n_messages": 10000, "iterations": 5, "build_mode": "dev-nosan", "log_level": "info", "tracing_layers": ["otel"], "messages_per_second": 3674.8242587993564, "__comment__": "@generated by `buck run //monarch/examples/ping_pong:run_script`"}