{"n_messages": 10000, "iterations": 5, "build_mode": "dev-nosan", "log_level": "error", "tracing_layers": ["recording"], "messages_per_second": 3216.7945074047607, "__comment__": "@generated by `buck run //monarch/examples/ping_pong:run_script`"}