{"n_messages": 10000, "iterations": 5, "build_mode": "dev-nosan", "log_level": "debug", "tracing_layers": [], "messages_per_second": 4644.5728518694, "__comment__": "@generated by `buck run //monarch/examples/ping_pong:run_script`"}