{"n_messages": 10000, "iterations": 5, "build_mode": "dev-nosan", "log_level": "debug", "tracing_layers": ["glog", "otel", "recording"], "messages_per_second": 2350.086804141991, "__comment__": "@generated by `buck run //monarch/examples/ping_pong:run_script`"}