{"n_messages": 10000, "iterations": 5, "build_mode": "dev-nosan", "log_level": "error", "tracing_layers": ["glog", "recording"], "messages_per_second": 3175.4632301419892, "__comment__": "@generated by `buck run //monarch/examples/ping_pong:run_script`"}