{"n_messages": 10000, "iterations": 5, "build_mode": "dev-nosan", "log_level": "debug", "tracing_layers": ["otel", "recording"], "messages_per_second": 3710.0839629571283, "__comment__": "@generated by `buck run //monarch/examples/ping_pong:run_script`"}