{"n_messages": 10000, "iterations": 5, "build_mode": "dev-nosan", "log_level": "trace", "tracing_layers": ["otel", "recording"], "messages_per_second": 3720.572038281031, "__comment__": "@generated by `buck run //monarch/examples/ping_pong:run_script`"}