{"n_messages": 10000, "iterations": 5, "build_mode": "dev-nosan", "log_level": "info", "tracing_layers": [], "messages_per_second": 4471.73479842859, "__comment__": "@generated by `buck run //monarch/examples/ping_pong:run_script`"}