{"n_messages": 10000, "iterations": 5, "build_mode": "dev-nosan", "log_level": "error", "tracing_layers": ["otel"], "messages_per_second": 3584.7030030720825, "__comment__": "@generated by `buck run //monarch/examples/ping_pong:run_script`"}