{"n_messages": 10000, "iterations": 5, "build_mode": "dev-nosan", "log_level": "info", "tracing_layers": ["glog", "otel"], "messages_per_second": 3491.0275740740567, "__comment__": "@generated by `buck run //monarch/examples/ping_pong:run_script`"}