{"n_messages": 10000, "iterations": 5, "build_mode": "dev-nosan", "log_level": "trace", "tracing_layers": ["glog", "recording"], "messages_per_second": 1478.7711062194971, "__comment__": "@generated by `buck run //monarch/examples/ping_pong:run_script`"}