{"n_messages": 10000, "iterations": 5, "build_mode": "dev-nosan", "log_level": "debug", "tracing_layers": ["glog", "otel"], "messages_per_second": 3292.1227138546237, "__comment__": "@generated by `buck run //monarch/examples/ping_pong:run_script`"}